// Jest Snapshot v1, https://goo.gl/fbAQLP

exports[`<FabDelete /> should render 1`] = `
<div>
  <button
    class="btn btn-danger fab-delete"
    style="display: none;"
  >
    <i
      class="fas fa-trash-alt"
    />
  </button>
</div>
`;
